../Core/Src/sdcard.c:10:6:SHINE_R	8	static
../Core/Src/sdcard.c:17:6:SHINE_G	8	static
../Core/Src/sdcard.c:24:9:SPI_TransmitReceive	32	static
../Core/Src/sdcard.c:31:6:SD_PowerOnSeq	16	static
../Core/Src/sdcard.c:40:9:SD_SendCmd	24	static
../Core/Src/sdcard.c:63:11:SD_Init	32	static
../Core/Src/sdcard.c:144:9:SD_ReceiveData	24	static
../Core/Src/sdcard.c:164:9:SD_SendBlock	24	static
../Core/Src/sdcard.c:186:9:SD_ReadDisk	32	static
../Core/Src/sdcard.c:212:9:SD_WriteDisk	32	static
../Core/Src/sdcard.c:248:9:SD_GETCSD	24	static
../Core/Src/sdcard.c:263:10:SD_GetSectorCount	32	static
../Core/Src/sdcard.c:285:9:file_exists	304	static
../Core/Src/sdcard.c:291:5:get_next_log_number	408	static
