../Core/Src/user_usart.c:43:10:read_be16	16	static
../Core/Src/user_usart.c:48:10:Checksum	32	static
../Core/Src/user_usart.c:63:12:CMD_Judge	24	static
../Core/Src/user_usart.c:111:12:CMD_Execute	8	static
../Core/Src/user_usart.c:152:6:Sampling	16	static
../Core/Src/user_usart.c:173:6:Parameterset_query	712	static
../Core/Src/user_usart.c:260:10:get_current_systick	32	static
../Core/Src/user_usart.c:271:6:set_base_time	16	static
../Core/Src/user_usart.c:277:10:get_current_timestamp	32	static
../Core/Src/user_usart.c:283:6:Send_time	80	static
../Core/Src/user_usart.c:309:6:HAL_TIM_PeriodElapsedCallback	16	static
../Core/Src/user_usart.c:320:6:Sendheart	16	static
../Core/Src/user_usart.c:343:6:Send_Data	64	static
../Core/Src/user_usart.c:369:6:maintain_processing_buffer	16	static,ignoring_inline_asm
../Core/Src/user_usart.c:383:6:CMD_HANDLE_ERROR	24	static
../Core/Src/user_usart.c:406:6:UART_Queue_Init	4	static
../Core/Src/user_usart.c:414:9:UART_Send_Data	24	static
../Core/Src/user_usart.c:431:6:UART_Start_Send	16	static
../Core/Src/user_usart.c:442:6:HAL_UART_TxCpltCallback	16	static
