../Core/Src/user_usart.c:43:10:read_be16	16	static
../Core/Src/user_usart.c:48:10:Checksum	32	static
../Core/Src/user_usart.c:63:12:CMD_Judge	24	static
../Core/Src/user_usart.c:111:12:CMD_Execute	8	static
../Core/Src/user_usart.c:152:6:Sampling	32	static
../Core/Src/user_usart.c:173:6:Parameterset_query	744	static
../Core/Src/user_usart.c:260:8:get_current_systick	32	static
../Core/Src/user_usart.c:271:6:set_base_time	16	static
../Core/Src/user_usart.c:277:8:get_current_timestamp	32	static
../Core/Src/user_usart.c:283:6:Send_time	96	static
../Core/Src/user_usart.c:309:6:HAL_TIM_PeriodElapsedCallback	16	static
../Core/Src/user_usart.c:332:6:Sendheart	16	static
../Core/Src/user_usart.c:356:6:maintain_processing_buffer	24	static,ignoring_inline_asm
../Core/Src/user_usart.c:370:6:CMD_HANDLE_ERROR	40	static
../Core/Src/user_usart.c:393:15:GPS_message_process	72	static
../Core/Src/user_usart.c:476:5:calculate	16	static
../Core/Src/user_usart.c:481:8:standard_to_stamp	176	static
../Core/Src/user_usart.c:507:6:UART_Queue_Init	8	static
../Core/Src/user_usart.c:512:9:UART_Send_Data	24	static
../Core/Src/user_usart.c:529:6:UART_Start_Send	16	static
../Core/Src/user_usart.c:540:6:HAL_UART_TxCpltCallback	16	static
../Core/Src/user_usart.c:549:6:ASIC_message_read	56	static
../Core/Src/user_usart.c:569:6:Data_Consolidation	24	static
