../Core/Src/user_usart.c:39:10:read_be16	16	static
../Core/Src/user_usart.c:44:10:Checksum	32	static
../Core/Src/user_usart.c:59:12:CMD_Judge	24	static
../Core/Src/user_usart.c:107:12:CMD_Execute	8	static
../Core/Src/user_usart.c:148:6:Sampling	32	static
../Core/Src/user_usart.c:170:6:Parameterset_query	744	static
../Core/Src/user_usart.c:258:8:get_current_systick	32	static
../Core/Src/user_usart.c:269:6:set_base_time	16	static
../Core/Src/user_usart.c:275:8:get_current_timestamp	32	static
../Core/Src/user_usart.c:281:6:Send_time	96	static
../Core/Src/user_usart.c:308:6:HAL_TIM_PeriodElapsedCallback	16	static
../Core/Src/user_usart.c:324:6:Sendheart	16	static
../Core/Src/user_usart.c:347:6:Send_Data	64	static
../Core/Src/user_usart.c:373:6:maintain_processing_buffer	24	static,ignoring_inline_asm
../Core/Src/user_usart.c:387:6:CMD_HANDLE_ERROR	40	static
../Core/Src/user_usart.c:411:15:GPS_message_process	176	static
../Core/Src/user_usart.c:488:5:calculate	16	static
../Core/Src/user_usart.c:493:8:standard_to_stamp	176	static
../Core/Src/user_usart.c:519:6:UART_Queue_Init	4	static
../Core/Src/user_usart.c:527:9:UART_Send_Data	32	static,ignoring_inline_asm
../Core/Src/user_usart.c:546:6:UART_Start_Send	16	static
../Core/Src/user_usart.c:557:6:HAL_UART_TxCpltCallback	24	static,ignoring_inline_asm
