../Core/Src/user_usart.c:43:10:read_be16	16	static
../Core/Src/user_usart.c:48:10:Checksum	32	static
../Core/Src/user_usart.c:63:12:CMD_Judge	24	static
../Core/Src/user_usart.c:111:12:CMD_Execute	8	static
../Core/Src/user_usart.c:152:6:Sampling	16	static
../Core/Src/user_usart.c:173:6:Parameterset_query	712	static
../Core/Src/user_usart.c:260:8:get_current_systick	32	static
../Core/Src/user_usart.c:271:6:set_base_time	16	static
../Core/Src/user_usart.c:277:8:get_current_timestamp	32	static
../Core/Src/user_usart.c:283:6:Send_time	80	static
../Core/Src/user_usart.c:309:6:HAL_TIM_PeriodElapsedCallback	16	static
../Core/Src/user_usart.c:325:6:Sendheart	16	static
../Core/Src/user_usart.c:348:6:Send_Data	64	static
../Core/Src/user_usart.c:374:6:maintain_processing_buffer	24	static,ignoring_inline_asm
../Core/Src/user_usart.c:388:6:CMD_HANDLE_ERROR	24	static
../Core/Src/user_usart.c:411:15:GPS_message_process	40	static
../Core/Src/user_usart.c:454:5:calculate	16	static
../Core/Src/user_usart.c:459:8:standard_to_stamp	176	static
../Core/Src/user_usart.c:485:6:UART_Queue_Init	4	static
../Core/Src/user_usart.c:493:9:UART_Send_Data	24	static
../Core/Src/user_usart.c:510:6:UART_Start_Send	16	static
../Core/Src/user_usart.c:521:6:HAL_UART_TxCpltCallback	16	static
