../Core/Src/user_usart.c:48:10:read_be16	16	static
../Core/Src/user_usart.c:53:10:Checksum	32	static
../Core/Src/user_usart.c:68:12:CMD_Judge	24	static
../Core/Src/user_usart.c:116:12:CMD_Execute	8	static
../Core/Src/user_usart.c:157:6:Sampling	32	static
../Core/Src/user_usart.c:178:6:Parameterset_query	744	static
../Core/Src/user_usart.c:265:8:get_current_systick	32	static
../Core/Src/user_usart.c:276:6:set_base_time	16	static
../Core/Src/user_usart.c:282:8:get_current_timestamp	32	static
../Core/Src/user_usart.c:288:6:Send_time	96	static
../Core/Src/user_usart.c:314:6:HAL_TIM_PeriodElapsedCallback	16	static
../Core/Src/user_usart.c:337:6:Sendheart	16	static
../Core/Src/user_usart.c:361:6:Send_Data	64	static
../Core/Src/user_usart.c:396:6:maintain_processing_buffer	24	static,ignoring_inline_asm
../Core/Src/user_usart.c:410:6:CMD_HANDLE_ERROR	40	static
../Core/Src/user_usart.c:433:15:GPS_message_process	72	static
../Core/Src/user_usart.c:512:5:calculate	16	static
../Core/Src/user_usart.c:517:8:standard_to_stamp	176	static
../Core/Src/user_usart.c:543:17:UART_Get_Packet_Data_Ptr	16	static
../Core/Src/user_usart.c:556:6:UART_Queue_Init	16	static
../Core/Src/user_usart.c:567:9:UART_Enqueue_Packet	48	static,ignoring_inline_asm
../Core/Src/user_usart.c:605:6:UART_Process_Send_Queue	40	static,ignoring_inline_asm
../Core/Src/user_usart.c:646:6:HAL_UART_TxCpltCallback	40	static,ignoring_inline_asm
